<html>
<body>
<pre>
<h1>µVision Build Log</h1>
<h2>Tool Versions:</h2>
IDE-Version: ¦ÌVision V5.36.0.0
Copyright (C) 2021 ARM Ltd and ARM Germany GmbH. All rights reserved.
License Information: Zou bolin, dad, LIC=CZLZX-HD5VN-74IS0-BH3UE-XWRZ6-JJ2QG
 
Tool Versions:
Toolchain:       MDK-ARM Plus  Version: 5.36.0.0
Toolchain Path:  D:\keil5\ARM\ARMCC\Bin
C Compiler:      Armcc.exe V5.06 update 7 (build 960)
Assembler:       Armasm.exe V5.06 update 7 (build 960)
Linker/Locator:  ArmLink.exe V5.06 update 7 (build 960)
Library Manager: ArmAr.exe V5.06 update 7 (build 960)
Hex Converter:   FromElf.exe V5.06 update 7 (build 960)
CPU DLL:         SARMCM3.DLL V5.36.0.0
Dialog DLL:      DCM.DLL V1.17.3.0
Target DLL:      CMSIS_AGDI.dll V1.33.0.0
Dialog DLL:      TCM.DLL V1.53.0.0
 
<h2>Project:</h2>
D:\Project\gitee\oldmanWacth\MDK-ARM\oldmanWacth.uvprojx
Project File Date:  08/15/2024

<h2>Output:</h2>
*** Using Compiler 'V5.06 update 7 (build 960)', folder: 'D:\keil5\ARM\ARMCC\Bin'
Rebuild target 'oldmanWacth'
assembling startup_stm32l496xx.s...
compiling lsm.c...
..\App\Src\lsm.c(57): warning:  #1035-D: single-precision operand implicitly converted to double-precision
      if (roll <= 0.50 && roll >= -0.50 && pitch <= 0.50 && pitch >= -0.50)
..\App\Src\lsm.c(57): warning:  #1035-D: single-precision operand implicitly converted to double-precision
      if (roll <= 0.50 && roll >= -0.50 && pitch <= 0.50 && pitch >= -0.50)
..\App\Src\lsm.c: 2 warnings, 0 errors
compiling max30102.c...
..\App\Src\max30102.c(74): warning:  #177-D: variable "a"  was declared but never referenced
      int a, hr = 0, spo2 = 0;
..\App\Src\max30102.c: 1 warning, 0 errors
compiling bsp_lcd.c...
..\Bsp\Src\bsp_lcd.c(139): warning:  #186-D: pointless comparison of unsigned integer with zero
      if (dc >= 0 && dc <= 100)
..\Bsp\Src\bsp_lcd.c: 1 warning, 0 errors
compiling bsp_key.c...
compiling bsp_beep.c...
compiling bsp_max30102.c...
compiling bsp_delay.c...
compiling bsp_touch.c...
compiling bsp_lsm.c...
..\Bsp\Src\bsp_lsm.c(27): warning:  #1295-D: Deprecated declaration Lsm6ds3_ReadAccelerationRaw - give arg types
  int16_t *Lsm6ds3_ReadAccelerationRaw();
..\Bsp\Src\bsp_lsm.c(28): warning:  #1295-D: Deprecated declaration Lsm6ds3_ReadAngularRateRaw - give arg types
  int16_t *Lsm6ds3_ReadAngularRateRaw();
..\Bsp\Src\bsp_lsm.c(29): warning:  #1295-D: Deprecated declaration Lsm6ds3_ReadTemperatureRaw - give arg types
  int16_t *Lsm6ds3_ReadTemperatureRaw();
..\Bsp\Src\bsp_lsm.c(54): warning:  #144-D: a value of type "uint8_t (*)(uint8_t, uint8_t)" cannot be used to initialize an entity of type "void (*)(uint8_t, uint8_t)"
          .WriteByte = Lsm6ds3_WriteByte,
..\Bsp\Src\bsp_lsm.c(301): warning:  #177-D: variable "a_buf"  was declared but never referenced
      int16_t a_buf[3] = {0};
..\Bsp\Src\bsp_lsm.c(364): warning:  #177-D: variable "a_bufff"  was declared but never referenced
      int16_t a_bufff[3] = {0};
..\Bsp\Src\bsp_lsm.c: 6 warnings, 0 errors
compiling air.c...
compiling lcd.c...
..\App\Src\lcd.c(53): warning:  #177-D: variable "i"  was declared but never referenced
      u16 i, j, width, height;
..\App\Src\lcd.c(53): warning:  #177-D: variable "j"  was declared but never referenced
      u16 i, j, width, height;
..\App\Src\lcd.c: 2 warnings, 0 errors
compiling bsp_i2c.c...
compiling bsp_usart.c...
compiling bsp_power.c...
..\Bsp\Src\bsp_power.c(66): warning:  #1035-D: single-precision operand implicitly converted to double-precision
      if ((voltage >= 4.2))
..\Bsp\Src\bsp_power.c(70): warning:  #1035-D: single-precision operand implicitly converted to double-precision
      else if (voltage >= 4.06 && voltage < 4.2)
..\Bsp\Src\bsp_power.c(70): warning:  #1035-D: single-precision operand implicitly converted to double-precision
      else if (voltage >= 4.06 && voltage < 4.2)
..\Bsp\Src\bsp_power.c(74): warning:  #1035-D: single-precision operand implicitly converted to double-precision
      else if (voltage >= 3.98 && voltage < 4.06)
..\Bsp\Src\bsp_power.c(74): warning:  #1035-D: single-precision operand implicitly converted to double-precision
      else if (voltage >= 3.98 && voltage < 4.06)
..\Bsp\Src\bsp_power.c(78): warning:  #1035-D: single-precision operand implicitly converted to double-precision
      else if (voltage >= 3.92 && voltage < 3.98)
..\Bsp\Src\bsp_power.c(78): warning:  #1035-D: single-precision operand implicitly converted to double-precision
      else if (voltage >= 3.92 && voltage < 3.98)
..\Bsp\Src\bsp_power.c(82): warning:  #1035-D: single-precision operand implicitly converted to double-precision
      else if (voltage >= 3.87 && voltage < 3.92)
..\Bsp\Src\bsp_power.c(82): warning:  #1035-D: single-precision operand implicitly converted to double-precision
      else if (voltage >= 3.87 && voltage < 3.92)
..\Bsp\Src\bsp_power.c(86): warning:  #1035-D: single-precision operand implicitly converted to double-precision
      else if (voltage >= 3.82 && voltage < 3.87)
..\Bsp\Src\bsp_power.c(86): warning:  #1035-D: single-precision operand implicitly converted to double-precision
      else if (voltage >= 3.82 && voltage < 3.87)
..\Bsp\Src\bsp_power.c(90): warning:  #1035-D: single-precision operand implicitly converted to double-precision
      else if (voltage >= 3.79 && voltage < 3.82)
..\Bsp\Src\bsp_power.c(90): warning:  #1035-D: single-precision operand implicitly converted to double-precision
      else if (voltage >= 3.79 && voltage < 3.82)
..\Bsp\Src\bsp_power.c(94): warning:  #1035-D: single-precision operand implicitly converted to double-precision
      else if (voltage >= 3.77 && voltage < 3.79)
..\Bsp\Src\bsp_power.c(94): warning:  #1035-D: single-precision operand implicitly converted to double-precision
      else if (voltage >= 3.77 && voltage < 3.79)
..\Bsp\Src\bsp_power.c(98): warning:  #1035-D: single-precision operand implicitly converted to double-precision
      else if (voltage >= 3.74 && voltage < 3.77)
..\Bsp\Src\bsp_power.c(98): warning:  #1035-D: single-precision operand implicitly converted to double-precision
      else if (voltage >= 3.74 && voltage < 3.77)
..\Bsp\Src\bsp_power.c(102): warning:  #1035-D: single-precision operand implicitly converted to double-precision
      else if (voltage >= 3.68 && voltage < 3.74)
..\Bsp\Src\bsp_power.c(102): warning:  #1035-D: single-precision operand implicitly converted to double-precision
      else if (voltage >= 3.68 && voltage < 3.74)
..\Bsp\Src\bsp_power.c(106): warning:  #1035-D: single-precision operand implicitly converted to double-precision
      else if (voltage >= 3.45 && voltage < 3.68)
..\Bsp\Src\bsp_power.c(106): warning:  #1035-D: single-precision operand implicitly converted to double-precision
      else if (voltage >= 3.45 && voltage < 3.68)
..\Bsp\Src\bsp_power.c(140): warning:  #223-D: function "SystemClock_Config" declared implicitly
      SystemClock_Config();
..\Bsp\Src\bsp_power.c: 22 warnings, 0 errors
compiling algorithm.c...
compiling gpio.c...
compiling app_ai.c...
compiling rtc.c...
compiling log.c...
compiling tim.c...
compiling crc.c...
compiling dma.c...
compiling spi.c...
compiling usart.c...
compiling freertos.c...
compiling adc.c...
compiling custom_bus.c...
compiling lib_NDEF_config.c...
compiling app_nfc.c...
compiling main.c...
compiling stm32l4xx_it.c...
compiling stm32l4xx_hal_timebase_tim.c...
compiling pubsub.c...
compiling PageManager.c...
..\User\Func\Src\PageManager.c(22): warning:  #68-D: integer conversion resulted in a change of sign
          return -1;
..\User\Func\Src\PageManager.c(30): warning:  #68-D: integer conversion resulted in a change of sign
          return -1;
..\User\Func\Src\PageManager.c: 2 warnings, 0 errors
compiling StrCalculate.c...
..\User\Func\Src\StrCalculate.c(17): warning:  #68-D: integer conversion resulted in a change of sign
          return -1;
..\User\Func\Src\StrCalculate.c(28): warning:  #68-D: integer conversion resulted in a change of sign
          return -1;
..\User\Func\Src\StrCalculate.c(57): warning:  #68-D: integer conversion resulted in a change of sign
          return -1;
..\User\Func\Src\StrCalculate.c(68): warning:  #68-D: integer conversion resulted in a change of sign
          return -1;
..\User\Func\Src\StrCalculate.c(96): warning:  #68-D: integer conversion resulted in a change of sign
          return -1;
..\User\Func\Src\StrCalculate.c(107): warning:  #68-D: integer conversion resulted in a change of sign
          return -1;
..\User\Func\Src\StrCalculate.c(160): warning:  #940-D: missing return statement at end of non-void function "SymisHighPriority" 
  }
..\User\Func\Src\StrCalculate.c(305): warning:  #68-D: integer conversion resulted in a change of sign
          return -1;
..\User\Func\Src\StrCalculate.c: 8 warnings, 0 errors
compiling stm32l4xx_hal_msp.c...
compiling ui.c...
compiling ui_helpers.c...
..\User\GUI_App\ui_helpers.c(66): warning:  #188-D: enumerated type mixed with another type
      lv_bar_set_value(target, old + val, anm);
..\User\GUI_App\ui_helpers.c(72): warning:  #188-D: enumerated type mixed with another type
      lv_slider_set_value(target, old + val, anm);
..\User\GUI_App\ui_helpers.c: 2 warnings, 0 errors
compiling ui_AboutPage.c...
..\User\GUI_App\Screens\Src\ui_AboutPage.c(16): warning:  #177-D: variable "ui_NameLabel"  was declared but never referenced
      lv_obj_t *ui_NameLabel;
..\User\GUI_App\Screens\Src\ui_AboutPage.c(19): warning:  #177-D: variable "ui_VersionLabel"  was declared but never referenced
      lv_obj_t *ui_VersionLabel;
..\User\GUI_App\Screens\Src\ui_AboutPage.c(20): warning:  #177-D: variable "ui_VersionTextLabel"  was declared but never referenced
      lv_obj_t *ui_VersionTextLabel;
..\User\GUI_App\Screens\Src\ui_AboutPage.c: 3 warnings, 0 errors
compiling ui_ChargPage.c...
..\User\GUI_App\Screens\Src\ui_ChargPage.c(67): warning:  #167-D: argument of type "uint8_t *" is incompatible with parameter of type "char *restrict"
      sprintf(value_strbuf, "%2d%%", ui_BatArcValue);
..\User\GUI_App\Screens\Src\ui_ChargPage.c(68): warning:  #167-D: argument of type "uint8_t *" is incompatible with parameter of type "const char *"
      lv_label_set_text(ui_ChargPageBatNum, value_strbuf);
..\User\GUI_App\Screens\Src\ui_ChargPage.c(79): warning:  #167-D: argument of type "uint8_t *" is incompatible with parameter of type "char *restrict"
      sprintf(value_strbuf, "%02d", ui_TimeHourValue);
..\User\GUI_App\Screens\Src\ui_ChargPage.c(80): warning:  #167-D: argument of type "uint8_t *" is incompatible with parameter of type "const char *"
      lv_label_set_text(ui_ChargPagebHourLabel, value_strbuf);
..\User\GUI_App\Screens\Src\ui_ChargPage.c(91): warning:  #167-D: argument of type "uint8_t *" is incompatible with parameter of type "char *restrict"
      sprintf(value_strbuf, "%02d", ui_TimeMinuteValue);
..\User\GUI_App\Screens\Src\ui_ChargPage.c(92): warning:  #167-D: argument of type "uint8_t *" is incompatible with parameter of type "const char *"
      lv_label_set_text(ui_ChargPagebMinLabel, value_strbuf);
..\User\GUI_App\Screens\Src\ui_ChargPage.c: 6 warnings, 0 errors
compiling ui_CompassPage.c...
..\User\GUI_App\Screens\Src\ui_CompassPage.c(75): warning:  #167-D: argument of type "uint8_t *" is incompatible with parameter of type "char *restrict"
      sprintf(value_strbuf, ":%dm", ui_EnvAltitudeValue);
..\User\GUI_App\Screens\Src\ui_CompassPage.c(76): warning:  #167-D: argument of type "uint8_t *" is incompatible with parameter of type "const char *"
      lv_label_set_text(ui_EnvAltitudeLabel, value_strbuf);
..\User\GUI_App\Screens\Src\ui_CompassPage.c(98): warning:  #167-D: argument of type "uint8_t *" is incompatible with parameter of type "char *restrict"
      sprintf(value_strbuf, ":%d", ui_CompassDirValue);
..\User\GUI_App\Screens\Src\ui_CompassPage.c(99): warning:  #167-D: argument of type "uint8_t *" is incompatible with parameter of type "const char *"
      lv_label_set_text(ui_CompassDirLabel, value_strbuf);
..\User\GUI_App\Screens\Src\ui_CompassPage.c: 4 warnings, 0 errors
compiling user_DataSaveTask.c...
compiling ui_ComputerPage.c...
compiling user_ChargPageTask.c...
..\User\Tasks\Src\user_ChargPageTask.c(68): warning:  #167-D: argument of type "uint8_t *" is incompatible with parameter of type "const char *"
                  lv_label_set_text(ui_ChargPagebMinLabel, value_strbuf);
..\User\Tasks\Src\user_ChargPageTask.c(75): warning:  #167-D: argument of type "uint8_t *" is incompatible with parameter of type "const char *"
                  lv_label_set_text(ui_ChargPagebHourLabel, value_strbuf);
..\User\Tasks\Src\user_ChargPageTask.c(83): warning:  #167-D: argument of type "uint8_t *" is incompatible with parameter of type "const char *"
                  lv_label_set_text(ui_ChargPageBatNum, value_strbuf);
..\User\Tasks\Src\user_ChargPageTask.c: 3 warnings, 0 errors
compiling ui_EnvPage.c...
..\User\GUI_App\Screens\Src\ui_EnvPage.c(57): warning:  #167-D: argument of type "uint8_t *" is incompatible with parameter of type "char *restrict"
      sprintf(strbuf, "%d", ui_EnvTempValue);
..\User\GUI_App\Screens\Src\ui_EnvPage.c(58): warning:  #167-D: argument of type "uint8_t *" is incompatible with parameter of type "const char *"
      lv_label_set_text(ui_EnvTempNumLabel, strbuf);
..\User\GUI_App\Screens\Src\ui_EnvPage.c(67): warning:  #167-D: argument of type "uint8_t *" is incompatible with parameter of type "char *restrict"
      sprintf(strbuf, "%d", ui_EnvHumiValue);
..\User\GUI_App\Screens\Src\ui_EnvPage.c(68): warning:  #167-D: argument of type "uint8_t *" is incompatible with parameter of type "const char *"
      lv_label_set_text(ui_EnvHumiNumLabel, strbuf);
..\User\GUI_App\Screens\Src\ui_EnvPage.c: 4 warnings, 0 errors
compiling HWDataAccess.c...
..\User\Func\Src\HWDataAccess.c(17): warning:  #550-D: variable "WeekDay"  was set but never used
  static uint8_t WeekDay = 7;
..\User\Func\Src\HWDataAccess.c: 1 warning, 0 errors
compiling ui_GameSelectPage.c...
compiling user_MPUCheckTask.c...
compiling ui_HRPage.c...
..\User\GUI_App\Screens\Src\ui_HRPage.c(33): warning:  #167-D: argument of type "uint8_t *" is incompatible with parameter of type "char *restrict"
      sprintf(value_strbuf, "%d", ui_HRValue);
..\User\GUI_App\Screens\Src\ui_HRPage.c(34): warning:  #167-D: argument of type "uint8_t *" is incompatible with parameter of type "const char *"
      lv_label_set_text(ui_HRPageNumLabel, value_strbuf);
..\User\GUI_App\Screens\Src\ui_HRPage.c: 2 warnings, 0 errors
compiling user_TasksInit.c...
compiling ui_Megboxes.c...
..\User\GUI_App\Screens\Src\ui_Megboxes.c(68): warning:  #167-D: argument of type "uint8_t *" is incompatible with parameter of type "const char *"
      lv_label_set_text(ui_WarningLabel, text);
..\User\GUI_App\Screens\Src\ui_Megboxes.c: 1 warning, 0 errors
compiling user_MessageSendTask.c...
..\User\Tasks\Src\user_MessageSendTask.c(70): warning:  #186-D: pointless comparison of unsigned integer with zero
      if (TimeSetMessage.nowdate.Year > 0 && TimeSetMessage.nowdate.Year < 99 && TimeSetMessage.nowdate.Month > 0 && TimeSetMessage.nowdate.Month <= 12 && TimeSetMessage.nowdate.Date > 0 && TimeSetMessage.nowdate.Date <= 31 && TimeSetMessage.nowtime.Hours >= 0 && TimeSetMessage.nowtime.Hours <= 23 && TimeSetMessage.nowtime.Minutes >= 0 && TimeSetMessage.nowtime.Minutes <= 59 && TimeSetMessage.nowtime.Seconds >= 0 && TimeSetMessage.nowtime.Seconds <= 59)
..\User\Tasks\Src\user_MessageSendTask.c(70): warning:  #186-D: pointless comparison of unsigned integer with zero
      if (TimeSetMessage.nowdate.Year > 0 && TimeSetMessage.nowdate.Year < 99 && TimeSetMessage.nowdate.Month > 0 && TimeSetMessage.nowdate.Month <= 12 && TimeSetMessage.nowdate.Date > 0 && TimeSetMessage.nowdate.Date <= 31 && TimeSetMessage.nowtime.Hours >= 0 && TimeSetMessage.nowtime.Hours <= 23 && TimeSetMessage.nowtime.Minutes >= 0 && TimeSetMessage.nowtime.Minutes <= 59 && TimeSetMessage.nowtime.Seconds >= 0 && TimeSetMessage.nowtime.Seconds <= 59)
..\User\Tasks\Src\user_MessageSendTask.c(70): warning:  #186-D: pointless comparison of unsigned integer with zero
      if (TimeSetMessage.nowdate.Year > 0 && TimeSetMessage.nowdate.Year < 99 && TimeSetMessage.nowdate.Month > 0 && TimeSetMessage.nowdate.Month <= 12 && TimeSetMessage.nowdate.Date > 0 && TimeSetMessage.nowdate.Date <= 31 && TimeSetMessage.nowtime.Hours >= 0 && TimeSetMessage.nowtime.Hours <= 23 && TimeSetMessage.nowtime.Minutes >= 0 && TimeSetMessage.nowtime.Minutes <= 59 && TimeSetMessage.nowtime.Seconds >= 0 && TimeSetMessage.nowtime.Seconds <= 59)
..\User\Tasks\Src\user_MessageSendTask.c(76): warning:  #940-D: missing return statement at end of non-void function "TimeFormat_Get" 
  }
..\User\Tasks\Src\user_MessageSendTask.c: 4 warnings, 0 errors
compiling user_AirTask.c...
compiling user_SensorPageTask.c...
..\User\Tasks\Src\user_SensorPageTask.c(116): warning:  #167-D: argument of type "uint8_t *" is incompatible with parameter of type "char *restrict"
              sprintf(value_strbuf, "%d", dis_spo2);
..\User\Tasks\Src\user_SensorPageTask.c(117): warning:  #167-D: argument of type "uint8_t *" is incompatible with parameter of type "const char *"
              lv_label_set_text(ui_SPO2NumLabel, value_strbuf);
..\User\Tasks\Src\user_SensorPageTask.c(125): warning:  #167-D: argument of type "uint8_t *" is incompatible with parameter of type "char *restrict"
                  sprintf(value_strbuf, "%d", ui_SPO2Value);
..\User\Tasks\Src\user_SensorPageTask.c(126): warning:  #167-D: argument of type "uint8_t *" is incompatible with parameter of type "const char *"
                  lv_label_set_text(ui_SPO2NumLabel, value_strbuf);
..\User\Tasks\Src\user_SensorPageTask.c(139): warning:  #167-D: argument of type "uint8_t *" is incompatible with parameter of type "char *restrict"
              sprintf(value_strbuf, "%d", hr_rate);
..\User\Tasks\Src\user_SensorPageTask.c(140): warning:  #167-D: argument of type "uint8_t *" is incompatible with parameter of type "const char *"
              lv_label_set_text(ui_HRPageNumLabel, value_strbuf);
..\User\Tasks\Src\user_SensorPageTask.c: 6 warnings, 0 errors
compiling ui_OffTimePage.c...
compiling ui_MenuPage.c...
compiling ui_NFCCardPage.c...
compiling user_ScrRenewTask.c...
compiling user_HomePageTask.c...
..\User\Tasks\Src\user_HomePageTask.c(55): warning:  #167-D: argument of type "uint8_t *" is incompatible with parameter of type "const char *"
                  lv_label_set_text(ui_TimeMinuteLabel, value_strbuf);
..\User\Tasks\Src\user_HomePageTask.c(62): warning:  #167-D: argument of type "uint8_t *" is incompatible with parameter of type "const char *"
                  lv_label_set_text(ui_TimeHourLabel, value_strbuf);
..\User\Tasks\Src\user_HomePageTask.c(70): warning:  #167-D: argument of type "uint8_t *" is incompatible with parameter of type "const char *"
                  lv_label_set_text(ui_DateLabel, value_strbuf);
..\User\Tasks\Src\user_HomePageTask.c(79): warning:  #167-D: argument of type "uint8_t *" is incompatible with parameter of type "const char *"
                  lv_label_set_text(ui_DateLabel, value_strbuf);
..\User\Tasks\Src\user_HomePageTask.c(140): warning:  #167-D: argument of type "uint8_t *" is incompatible with parameter of type "const char *"
                  lv_label_set_text(ui_BatNumLabel, value_strbuf);
..\User\Tasks\Src\user_HomePageTask.c(144): warning:  #167-D: argument of type "uint8_t *" is incompatible with parameter of type "const char *"
                  lv_label_set_text(ui_StepNumLabel, value_strbuf);
..\User\Tasks\Src\user_HomePageTask.c(153): warning:  #167-D: argument of type "uint8_t *" is incompatible with parameter of type "const char *"
                  lv_label_set_text(ui_TempNumLabel, value_strbuf);
..\User\Tasks\Src\user_HomePageTask.c(161): warning:  #167-D: argument of type "uint8_t *" is incompatible with parameter of type "const char *"
                  lv_label_set_text(ui_HumiNumLabel, value_strbuf);
..\User\Tasks\Src\user_HomePageTask.c(165): warning:  #167-D: argument of type "uint8_t *" is incompatible with parameter of type "const char *"
                  lv_label_set_text(ui_HRNumLabel, value_strbuf);
..\User\Tasks\Src\user_HomePageTask.c: 9 warnings, 0 errors
compiling ui_SPO2Page.c...
..\User\GUI_App\Screens\Src\ui_SPO2Page.c(29): warning:  #167-D: argument of type "uint8_t *" is incompatible with parameter of type "char *restrict"
      sprintf(value_strbuf, "%d", ui_SPO2Value);
..\User\GUI_App\Screens\Src\ui_SPO2Page.c(30): warning:  #167-D: argument of type "uint8_t *" is incompatible with parameter of type "const char *"
      lv_label_set_text(ui_SPO2NumLabel, value_strbuf);
..\User\GUI_App\Screens\Src\ui_SPO2Page.c: 2 warnings, 0 errors
compiling user_KeyTask.c...
..\User\Tasks\Src\user_KeyTask.c(33): warning:  #177-D: variable "Stopstr"  was declared but never referenced
      uint8_t Stopstr = 0;
..\User\Tasks\Src\user_KeyTask.c: 1 warning, 0 errors
compiling ui_font_Cuyuan24.c...
compiling ui_font_Cuyuan20.c...
compiling ui_TimerPage.c...
..\User\GUI_App\Screens\Src\ui_TimerPage.c(47): warning:  #167-D: argument of type "uint8_t *" is incompatible with parameter of type "char *restrict"
      sprintf(strbuf,"%02d",ui_TimerPage_min);
..\User\GUI_App\Screens\Src\ui_TimerPage.c(48): warning:  #167-D: argument of type "uint8_t *" is incompatible with parameter of type "const char *"
      lv_label_set_text(ui_TimerMinLabel, strbuf);
..\User\GUI_App\Screens\Src\ui_TimerPage.c(49): warning:  #167-D: argument of type "uint8_t *" is incompatible with parameter of type "char *restrict"
      sprintf(strbuf,"%02d",ui_TimerPage_sec);
..\User\GUI_App\Screens\Src\ui_TimerPage.c(50): warning:  #167-D: argument of type "uint8_t *" is incompatible with parameter of type "const char *"
      lv_label_set_text(ui_TimerSecLabel, strbuf);
..\User\GUI_App\Screens\Src\ui_TimerPage.c(51): warning:  #167-D: argument of type "uint8_t *" is incompatible with parameter of type "char *restrict"
      sprintf(strbuf,"%02d",ui_TimerPage_10ms);
..\User\GUI_App\Screens\Src\ui_TimerPage.c(52): warning:  #167-D: argument of type "uint8_t *" is incompatible with parameter of type "const char *"
      lv_label_set_text(ui_TimerMilSecLabel, strbuf);
..\User\GUI_App\Screens\Src\ui_TimerPage.c: 6 warnings, 0 errors
compiling ui_font_Cuyuan30.c...
compiling ui_font_Cuyuan18.c...
compiling ui_font_Cuyuan38.c...
compiling ui_font_Cuyuan48.c...
compiling ui_font_Cuyuan80.c...
compiling ui_font_iconfont16.c...
compiling ui_font_Cuyuan100.c...
compiling user_StopEnterTask.c...
..\User\Tasks\Src\user_StopEnterTask.c(91): warning:  #177-D: variable "HomeUpdataStr"  was declared but never referenced
      uint8_t HomeUpdataStr;
..\User\Tasks\Src\user_StopEnterTask.c(92): warning:  #177-D: variable "Wrist_Flag"  was declared but never referenced
      uint8_t Wrist_Flag = 0;
..\User\Tasks\Src\user_StopEnterTask.c: 2 warnings, 0 errors
compiling ui_font_iconfont28.c...
compiling ui_font_iconfont24.c...
compiling ui_font_iconfont30.c...
compiling ui_font_iconfont32.c...
compiling ui_font_iconfont34.c...
compiling ui_font_iconfont45.c...
compiling ui_img_compass_needle_png.c...
compiling ui_font_WenZi.c...
compiling stm32l4xx_hal_i2c_ex.c...
compiling stm32l4xx_hal_gpio.c...
compiling ui_GameMemPage.c...
..\User\GUI_App\Screens\Src\ui_GameMemPage.c(69): warning:  #186-D: pointless comparison of unsigned integer with zero
  								if(Game_Mem.previous_id >= 0 && Game_Mem.previous_id < 17 )
..\User\GUI_App\Screens\Src\ui_GameMemPage.c(83): warning:  #186-D: pointless comparison of unsigned integer with zero
          if((dsc->id >= 0) && (dsc->label_dsc))
..\User\GUI_App\Screens\Src\ui_GameMemPage.c(99): warning:  #167-D: argument of type "char **" is incompatible with parameter of type "const char **"
          lv_btnmatrix_set_map(ui_GameMem_BtnM, Game_Mem.btnm_map);
..\User\GUI_App\Screens\Src\ui_GameMemPage.c(112): warning:  #167-D: argument of type "char **" is incompatible with parameter of type "const char **"
      lv_btnmatrix_set_map(ui_GameMem_BtnM, Game_Mem.btnm_map);
..\User\GUI_App\Screens\Src\ui_GameMemPage.c(151): warning:  #68-D: integer conversion resulted in a change of sign
      Game_Mem.previous_id = -1;
..\User\GUI_App\Screens\Src\ui_GameMemPage.c(152): warning:  #68-D: integer conversion resulted in a change of sign
      Game_Mem.present_id = -1;
..\User\GUI_App\Screens\Src\ui_GameMemPage.c: 6 warnings, 0 errors
compiling stm32l4xx_hal_rcc.c...
compiling stm32l4xx_hal_flash_ramfunc.c...
compiling stm32l4xx_hal_flash.c...
compiling stm32l4xx_hal_i2c.c...
compiling stm32l4xx_hal.c...
compiling stm32l4xx_hal_flash_ex.c...
compiling ui_HomePage.c...
..\User\GUI_App\Screens\Src\ui_HomePage.c(192): warning:  #167-D: argument of type "uint8_t *" is incompatible with parameter of type "char *restrict"
      sprintf(value_strbuf, "%2d", ui_TimeHourValue);
..\User\GUI_App\Screens\Src\ui_HomePage.c(193): warning:  #167-D: argument of type "uint8_t *" is incompatible with parameter of type "const char *"
      lv_label_set_text(ui_TimeHourLabel, value_strbuf);
..\User\GUI_App\Screens\Src\ui_HomePage.c(213): warning:  #167-D: argument of type "uint8_t *" is incompatible with parameter of type "char *restrict"
      sprintf(value_strbuf, "%02d", ui_TimeMinuteValue);
..\User\GUI_App\Screens\Src\ui_HomePage.c(214): warning:  #167-D: argument of type "uint8_t *" is incompatible with parameter of type "const char *"
      lv_label_set_text(ui_TimeMinuteLabel, value_strbuf);
..\User\GUI_App\Screens\Src\ui_HomePage.c(255): warning:  #167-D: argument of type "uint8_t *" is incompatible with parameter of type "char *restrict"
      sprintf(value_strbuf, "%2d%%", ui_BatArcValue);
..\User\GUI_App\Screens\Src\ui_HomePage.c(256): warning:  #167-D: argument of type "uint8_t *" is incompatible with parameter of type "const char *"
      lv_label_set_text(ui_BatNumLabel, value_strbuf);
..\User\GUI_App\Screens\Src\ui_HomePage.c(265): warning:  #167-D: argument of type "uint8_t *" is incompatible with parameter of type "char *restrict"
      sprintf(value_strbuf, "%2d-%02d", ui_DateMonthValue, ui_DateDayValue);
..\User\GUI_App\Screens\Src\ui_HomePage.c(266): warning:  #167-D: argument of type "uint8_t *" is incompatible with parameter of type "const char *"
      lv_label_set_text(ui_DateLabel, value_strbuf);
..\User\GUI_App\Screens\Src\ui_HomePage.c(310): warning:  #167-D: argument of type "uint8_t *" is incompatible with parameter of type "char *restrict"
      sprintf(value_strbuf, "%d", ui_StepNumValue);
..\User\GUI_App\Screens\Src\ui_HomePage.c(311): warning:  #167-D: argument of type "uint8_t *" is incompatible with parameter of type "const char *"
      lv_label_set_text(ui_StepNumLabel, value_strbuf);
..\User\GUI_App\Screens\Src\ui_HomePage.c(364): warning:  #167-D: argument of type "uint8_t *" is incompatible with parameter of type "char *restrict"
      sprintf(value_strbuf, "%d", ui_EnvTempValue);
..\User\GUI_App\Screens\Src\ui_HomePage.c(365): warning:  #167-D: argument of type "uint8_t *" is incompatible with parameter of type "const char *"
      lv_label_set_text(ui_TempNumLabel, value_strbuf);
..\User\GUI_App\Screens\Src\ui_HomePage.c(406): warning:  #167-D: argument of type "uint8_t *" is incompatible with parameter of type "char *restrict"
      sprintf(value_strbuf, "%d", ui_EnvHumiValue);
..\User\GUI_App\Screens\Src\ui_HomePage.c(407): warning:  #167-D: argument of type "uint8_t *" is incompatible with parameter of type "const char *"
      lv_label_set_text(ui_HumiNumLabel, value_strbuf);
..\User\GUI_App\Screens\Src\ui_HomePage.c(448): warning:  #167-D: argument of type "uint8_t *" is incompatible with parameter of type "char *restrict"
      sprintf(value_strbuf, "%d", ui_HRValue);
..\User\GUI_App\Screens\Src\ui_HomePage.c(449): warning:  #167-D: argument of type "uint8_t *" is incompatible with parameter of type "const char *"
      lv_label_set_text(ui_HRNumLabel, value_strbuf);
..\User\GUI_App\Screens\Src\ui_HomePage.c: 16 warnings, 0 errors
compiling ui_Game2048Page.c...
..\User\GUI_App\Screens\Src\ui_Game2048Page.c(106): warning:  #167-D: argument of type "char **" is incompatible with parameter of type "const char **"
  							lv_btnmatrix_set_map(ui_Game2048BtnM, Game_2048.btnm_map);
..\User\GUI_App\Screens\Src\ui_Game2048Page.c(108): warning:  #167-D: argument of type "uint8_t *" is incompatible with parameter of type "char *restrict"
  							sprintf(strbuf,"Score:%d",Game_2048.score);
..\User\GUI_App\Screens\Src\ui_Game2048Page.c(109): warning:  #167-D: argument of type "uint8_t *" is incompatible with parameter of type "const char *"
  							lv_label_set_text(ui_Game2048ScLabel,strbuf);
..\User\GUI_App\Screens\Src\ui_Game2048Page.c(125): warning:  #186-D: pointless comparison of unsigned integer with zero
          if((dsc->id >= 0) && (dsc->label_dsc))
..\User\GUI_App\Screens\Src\ui_Game2048Page.c(154): warning:  #167-D: argument of type "uint8_t *" is incompatible with parameter of type "char *restrict"
        sprintf(strbuf,"Score:%d",Game_2048.score);
..\User\GUI_App\Screens\Src\ui_Game2048Page.c(155): warning:  #167-D: argument of type "uint8_t *" is incompatible with parameter of type "const char *"
        lv_label_set_text(ui_Game2048ScLabel,strbuf);
..\User\GUI_App\Screens\Src\ui_Game2048Page.c(189): warning:  #167-D: argument of type "uint8_t *" is incompatible with parameter of type "char *restrict"
      sprintf(strbuf,"Score:%d",Game_2048.score);
..\User\GUI_App\Screens\Src\ui_Game2048Page.c(190): warning:  #167-D: argument of type "uint8_t *" is incompatible with parameter of type "const char *"
      lv_label_set_text(ui_Game2048ScLabel,strbuf);
..\User\GUI_App\Screens\Src\ui_Game2048Page.c(220): warning:  #167-D: argument of type "char **" is incompatible with parameter of type "const char **"
      lv_btnmatrix_set_map(ui_Game2048BtnM, Game_2048.btnm_map);
..\User\GUI_App\Screens\Src\ui_Game2048Page.c(547): warning:  #68-D: integer conversion resulted in a change of sign
      {return -1;}
..\User\GUI_App\Screens\Src\ui_Game2048Page.c(556): warning:  #68-D: integer conversion resulted in a change of sign
      {return -1;}
..\User\GUI_App\Screens\Src\ui_Game2048Page.c: 11 warnings, 0 errors
compiling ui_CalendarPage.c...
compiling ui_SetPage.c...
compiling stm32l4xx_hal_rcc_ex.c...
compiling ui_DateTimeSetPage.c...
compiling stm32l4xx_hal_cortex.c...
compiling stm32l4xx_hal_dma.c...
compiling stm32l4xx_hal_rtc.c...
compiling stm32l4xx_hal_pwr_ex.c...
compiling stm32l4xx_hal_pwr.c...
compiling stm32l4xx_hal_adc_ex.c...
compiling lv_disp.c...
compiling stm32l4xx_hal_rtc_ex.c...
compiling stm32l4xx_hal_exti.c...
compiling lv_event.c...
..\Middlewares\LVGL\GUI\lvgl\src\core\lv_event.c(120): warning:  #188-D: enumerated type mixed with another type
      return e->code & ~LV_EVENT_PREPROCESS;
..\Middlewares\LVGL\GUI\lvgl\src\core\lv_event.c: 1 warning, 0 errors
compiling stm32l4xx_hal_adc.c...
compiling lv_group.c...
compiling stm32l4xx_hal_crc.c...
compiling lv_obj_class.c...
compiling lv_indev_scroll.c...
compiling lv_indev.c...
compiling lv_obj_draw.c...
compiling lv_obj.c...
compiling lv_obj_pos.c...
compiling lv_obj_tree.c...
compiling stm32l4xx_hal_dma_ex.c...
compiling lv_obj_style_gen.c...
compiling lv_obj_scroll.c...
compiling lv_obj_style.c...
compiling lv_refr.c...
compiling lv_draw.c...
compiling stm32l4xx_hal_crc_ex.c...
compiling lv_draw_arc.c...
compiling lv_theme.c...
compiling lv_draw_img.c...
compiling lv_draw_line.c...
compiling lv_draw_label.c...
compiling lv_draw_rect.c...
compiling lv_draw_triangle.c...
compiling lv_img_cache.c...
compiling lv_img_buf.c...
compiling lv_img_decoder.c...
compiling lv_draw_mask.c...
compiling lv_extra.c...
compiling lv_calendar_header_arrow.c...
compiling lv_calendar_header_dropdown.c...
compiling lv_font.c...
compiling lv_calendar.c...
compiling lv_font_fmt_txt.c...
..\Middlewares\LVGL\GUI\lvgl\src\font\lv_font_fmt_txt.c(137): warning:  #111-D: statement is unreachable
      return NULL;
..\Middlewares\LVGL\GUI\lvgl\src\font\lv_font_fmt_txt.c: 1 warning, 0 errors
compiling lv_spinner.c...
compiling lv_theme_default.c...
..\Middlewares\LVGL\GUI\lvgl\src\extra\themes\default\lv_theme_default.c(213): warning:  #188-D: enumerated type mixed with another type
..\Middlewares\LVGL\GUI\lvgl\src\extra\themes\default\lv_theme_default.c: 1 warning, 0 errors
compiling lv_font_dejavu_16_persian_hebrew.c...
compiling lv_font_montserrat_8.c...
compiling lv_font_montserrat_10.c...
compiling lv_font_loader.c...
compiling lv_font_montserrat_12.c...
compiling lv_font_montserrat_12_subpx.c...
compiling lv_font_montserrat_14.c...
compiling lv_font_montserrat_16.c...
compiling lv_font_montserrat_18.c...
compiling stm32l4xx_hal_spi_ex.c...
compiling stm32l4xx_hal_spi.c...
compiling lv_font_montserrat_20.c...
compiling lv_font_montserrat_22.c...
compiling lv_font_montserrat_24.c...
compiling lv_font_montserrat_26.c...
compiling lv_font_montserrat_28.c...
compiling lv_font_montserrat_28_compressed.c...
compiling lv_font_montserrat_30.c...
compiling lv_font_montserrat_34.c...
compiling lv_font_montserrat_32.c...
compiling lv_font_montserrat_36.c...
compiling lv_font_montserrat_38.c...
compiling lv_font_montserrat_40.c...
compiling lv_font_montserrat_42.c...
compiling lv_font_montserrat_44.c...
compiling lv_font_montserrat_48.c...
compiling lv_font_montserrat_46.c...
compiling lv_font_simsun_16_cjk.c...
compiling lv_btn.c...
compiling lv_font_unscii_8.c...
compiling lv_font_unscii_16.c...
compiling lv_bar.c...
compiling lv_canvas.c...
compiling lv_checkbox.c...
compiling lv_arc.c...
compiling lv_line.c...
compiling lv_objx_templ.c...
compiling lv_img.c...
compiling lv_btnmatrix.c...
compiling lv_dropdown.c...
compiling lv_anim.c...
compiling lv_label.c...
compiling lv_bidi.c...
compiling lv_async.c...
compiling lv_switch.c...
compiling lv_anim_timeline.c...
compiling lv_roller.c...
compiling lv_area.c...
compiling lv_slider.c...
compiling lv_textarea.c...
compiling lv_gc.c...
compiling lv_log.c...
compiling lv_color.c...
compiling lv_fs.c...
compiling lv_ll.c...
compiling lv_lru.c...
..\Middlewares\LVGL\GUI\lvgl\src\misc\lv_lru.c(313): warning:  #68-D: integer conversion resulted in a change of sign
      uint32_t i = 0, min_index = -1;
..\Middlewares\LVGL\GUI\lvgl\src\misc\lv_lru.c(314): warning:  #68-D: integer conversion resulted in a change of sign
      uint64_t min_access_count = -1;
..\Middlewares\LVGL\GUI\lvgl\src\misc\lv_lru.c: 2 warnings, 0 errors
compiling lv_math.c...
compiling lv_templ.c...
compiling lv_mem.c...
..\Middlewares\LVGL\GUI\lvgl\src\misc\lv_mem.c(311): warning:  #111-D: statement is unreachable
      return NULL;
..\Middlewares\LVGL\GUI\lvgl\src\misc\lv_mem.c: 1 warning, 0 errors
compiling lv_style.c...
..\Middlewares\LVGL\GUI\lvgl\src\misc\lv_style.c(74): warning:  #188-D: enumerated type mixed with another type
      return act_id;
..\Middlewares\LVGL\GUI\lvgl\src\misc\lv_style.c: 1 warning, 0 errors
compiling lv_printf.c...
compiling lv_timer.c...
compiling lv_style_gen.c...
compiling lv_utils.c...
compiling lv_txt_ap.c...
compiling lv_tlsf.c...
..\Middlewares\LVGL\GUI\lvgl\src\misc\lv_tlsf.c(898): warning:  #68-D: integer conversion resulted in a change of sign
          offset_to_block(pool, -(int)block_header_overhead);
..\Middlewares\LVGL\GUI\lvgl\src\misc\lv_tlsf.c(1000): warning:  #68-D: integer conversion resulted in a change of sign
      block = offset_to_block(mem, -(tlsfptr_t)block_header_overhead);
..\Middlewares\LVGL\GUI\lvgl\src\misc\lv_tlsf.c(1018): warning:  #68-D: integer conversion resulted in a change of sign
      block_header_t * block = offset_to_block(pool, -(int)block_header_overhead);
..\Middlewares\LVGL\GUI\lvgl\src\misc\lv_tlsf.c: 3 warnings, 0 errors
compiling lv_hal_tick.c...
compiling stm32l4xx_hal_tim.c...
compiling lv_txt.c...
compiling lv_hal_indev.c...
compiling lv_hal_disp.c...
..\Middlewares\LVGL\GUI\lvgl\src\hal\lv_hal_disp.c(573): warning:  #188-D: enumerated type mixed with another type
      return disp->driver->rotated;
..\Middlewares\LVGL\GUI\lvgl\src\hal\lv_hal_disp.c: 1 warning, 0 errors
compiling gifdec.c...
compiling lv_bmp.c...
compiling lv_grid.c...
..\Middlewares\LVGL\GUI\lvgl\src\extra\layouts\grid\lv_grid.c(134): warning:  #188-D: enumerated type mixed with another type
      LV_STYLE_GRID_COLUMN_DSC_ARRAY = lv_style_register_prop() | LV_STYLE_PROP_LAYOUT_REFR;
..\Middlewares\LVGL\GUI\lvgl\src\extra\layouts\grid\lv_grid.c(135): warning:  #188-D: enumerated type mixed with another type
      LV_STYLE_GRID_ROW_DSC_ARRAY = lv_style_register_prop() | LV_STYLE_PROP_LAYOUT_REFR;
..\Middlewares\LVGL\GUI\lvgl\src\extra\layouts\grid\lv_grid.c(136): warning:  #188-D: enumerated type mixed with another type
      LV_STYLE_GRID_COLUMN_ALIGN = lv_style_register_prop() | LV_STYLE_PROP_LAYOUT_REFR;
..\Middlewares\LVGL\GUI\lvgl\src\extra\layouts\grid\lv_grid.c(137): warning:  #188-D: enumerated type mixed with another type
      LV_STYLE_GRID_ROW_ALIGN = lv_style_register_prop() | LV_STYLE_PROP_LAYOUT_REFR;
..\Middlewares\LVGL\GUI\lvgl\src\extra\layouts\grid\lv_grid.c(139): warning:  #188-D: enumerated type mixed with another type
      LV_STYLE_GRID_CELL_ROW_SPAN = lv_style_register_prop() | LV_STYLE_PROP_LAYOUT_REFR;
..\Middlewares\LVGL\GUI\lvgl\src\extra\layouts\grid\lv_grid.c(140): warning:  #188-D: enumerated type mixed with another type
      LV_STYLE_GRID_CELL_ROW_POS = lv_style_register_prop() | LV_STYLE_PROP_LAYOUT_REFR;
..\Middlewares\LVGL\GUI\lvgl\src\extra\layouts\grid\lv_grid.c(141): warning:  #188-D: enumerated type mixed with another type
      LV_STYLE_GRID_CELL_COLUMN_SPAN = lv_style_register_prop() | LV_STYLE_PROP_LAYOUT_REFR;
..\Middlewares\LVGL\GUI\lvgl\src\extra\layouts\grid\lv_grid.c(142): warning:  #188-D: enumerated type mixed with another type
      LV_STYLE_GRID_CELL_COLUMN_POS = lv_style_register_prop() | LV_STYLE_PROP_LAYOUT_REFR;
..\Middlewares\LVGL\GUI\lvgl\src\extra\layouts\grid\lv_grid.c(143): warning:  #188-D: enumerated type mixed with another type
      LV_STYLE_GRID_CELL_X_ALIGN = lv_style_register_prop() | LV_STYLE_PROP_LAYOUT_REFR;
..\Middlewares\LVGL\GUI\lvgl\src\extra\layouts\grid\lv_grid.c(144): warning:  #188-D: enumerated type mixed with another type
      LV_STYLE_GRID_CELL_Y_ALIGN = lv_style_register_prop() | LV_STYLE_PROP_LAYOUT_REFR;
..\Middlewares\LVGL\GUI\lvgl\src\extra\layouts\grid\lv_grid.c(589): warning:  #188-D: enumerated type mixed with another type
      lv_grid_align_t col_align = get_cell_col_align(item);
..\Middlewares\LVGL\GUI\lvgl\src\extra\layouts\grid\lv_grid.c(590): warning:  #188-D: enumerated type mixed with another type
      lv_grid_align_t row_align = get_cell_row_align(item);
..\Middlewares\LVGL\GUI\lvgl\src\extra\layouts\grid\lv_grid.c: 12 warnings, 0 errors
compiling lv_ffmpeg.c...
compiling lv_flex.c...
..\Middlewares\LVGL\GUI\lvgl\src\extra\layouts\flex\lv_flex.c(97): warning:  #188-D: enumerated type mixed with another type
      LV_STYLE_FLEX_MAIN_PLACE = lv_style_register_prop() | LV_STYLE_PROP_LAYOUT_REFR;
..\Middlewares\LVGL\GUI\lvgl\src\extra\layouts\flex\lv_flex.c(98): warning:  #188-D: enumerated type mixed with another type
      LV_STYLE_FLEX_CROSS_PLACE = lv_style_register_prop() | LV_STYLE_PROP_LAYOUT_REFR;
..\Middlewares\LVGL\GUI\lvgl\src\extra\layouts\flex\lv_flex.c(99): warning:  #188-D: enumerated type mixed with another type
      LV_STYLE_FLEX_TRACK_PLACE = lv_style_register_prop() | LV_STYLE_PROP_LAYOUT_REFR;
..\Middlewares\LVGL\GUI\lvgl\src\extra\layouts\flex\lv_flex.c: 3 warnings, 0 errors
compiling lv_freetype.c...
compiling lv_fs_fatfs.c...
compiling lv_fs_win32.c...
compiling lv_fs_posix.c...
compiling lv_fs_stdio.c...
compiling lv_gif.c...
compiling lv_png.c...
compiling lv_qrcode.c...
compiling lv_draw_sw_dither.c...
compiling lv_draw_sw.c...
compiling lv_draw_sw_gradient.c...
compiling lv_rlottie.c...
compiling lv_draw_sw_arc.c...
compiling lv_sjpg.c...
compiling lv_draw_sw_letter.c...
compiling lv_draw_sw_img.c...
compiling lv_draw_sw_polygon.c...
compiling lv_gridnav.c...
compiling lv_draw_sw_blend.c...
compiling lv_draw_sw_line.c...
compiling lv_snapshot.c...
compiling lv_keyboard.c...
compiling lv_monkey.c...
compiling lv_animimg.c...
compiling lv_chart.c...
compiling lv_colorwheel.c...
compiling lv_menu.c...
compiling lv_draw_sw_rect.c...
..\Middlewares\LVGL\GUI\lvgl\src\draw\sw\lv_draw_sw_rect.c(239): warning:  #546-D: transfer of control bypasses initialization of:
            variable "mask_any_center"  (declared at line 286)
          goto bg_clean_up;
          ^
..\Middlewares\LVGL\GUI\lvgl\src\draw\sw\lv_draw_sw_rect.c: 1 warning, 0 errors
compiling lv_list.c...
compiling lv_imgbtn.c...
compiling lv_led.c...
compiling lv_tileview.c...
compiling lv_span.c...
compiling lv_msgbox.c...
compiling lv_tabview.c...
compiling croutine.c...
compiling lv_spinbox.c...
compiling lv_meter.c...
compiling lv_win.c...
compiling list.c...
compiling event_groups.c...
compiling lv_table.c...
compiling timers.c...
compiling heap_4.c...
compiling stream_buffer.c...
compiling queue.c...
compiling tasks.c...
compiling port.c...
compiling st25dv.c...
compiling st25dv_reg.c...
compiling system_stm32l4xx.c...
compiling stm32l4xx_hal_tim_ex.c...
compiling stm32l4xx_hal_uart.c...
compiling stm32l4xx_hal_uart_ex.c...
compiling nfc04a1.c...
compiling lv_port_disp.c...
compiling lib_NDEF_Email.c...
compiling lib_NDEF_AAR.c...
compiling lib_NDEF_Geo.c...
compiling lib_NDEF_Bluetooth.c...
compiling nfc04a1_nfctag.c...
compiling lib_NDEF.c...
compiling lib_NDEF_Handover.c...
compiling lv_port_indev.c...
compiling cmsis_os2.c...
compiling tagtype5_wrapper.c...
compiling lib_NDEF_Text.c...
compiling tagtype4_wrapper.c...
compiling lib_NDEF_URI.c...
compiling lib_NDEF_SMS.c...
compiling lib_NDEF_Wifi.c...
compiling lib_wrapper.c...
compiling lib_NDEF_MyApp.c...
compiling tagtype3_wrapper.c...
compiling lib_NDEF_Vcard.c...
linking...
.\oldmanWacth\oldmanWacth.axf: Warning: L6989W: Could not apply patch sdcomp-29491-629360 to instruction VPOP     {d8-d13} at offset 0x54, instruction is within an IT block and is not the last instruction for acos.o(i.__hardfp_acos).
.\oldmanWacth\oldmanWacth.axf: Warning: L6989W: Could not apply patch sdcomp-29491-629360 to instruction VPOP     {d8-d14} at offset 0x54, instruction is within an IT block and is not the last instruction for acos_x.o(i.____hardfp_acos$lsc).
Program Size: Code=202856 RO-data=163392 RW-data=2684 ZI-data=110796  
Finished: 0 information, 2 warning and 0 error messages.
FromELF: creating hex file...
".\oldmanWacth\oldmanWacth.axf" - 0 Error(s), 162 Warning(s).

<h2>Software Packages used:</h2>

Package Vendor: ARM
                http://www.keil.com/pack/ARM.CMSIS.5.8.0.pack
                ARM.CMSIS.5.8.0
                CMSIS (Common Microcontroller Software Interface Standard)
   * Component: CORE Version: 5.5.0

Package Vendor: Keil
                https://www.keil.com/pack/Keil.STM32L4xx_DFP.2.7.0.pack
                Keil.STM32L4xx_DFP.2.7.0
                STMicroelectronics STM32L4 Series Device Support, Drivers and Examples

<h2>Collection of Component include folders:</h2>
  .\RTE\_oldmanWacth
  D:\keil5\ARM\PACK\ARM\CMSIS\5.8.0\CMSIS\Core\Include
  D:\keil5\ARM\PACK\Keil\STM32L4xx_DFP\2.7.0\Drivers\CMSIS\Device\ST\STM32L4xx\Include

<h2>Collection of Component Files used:</h2>

   * Component: ARM::CMSIS:CORE:5.5.0
      Include file:  CMSIS\Core\Include\tz_context.h
Build Time Elapsed:  00:01:56
</pre>
</body>
</html>
